Archive member included because of file (symbol)

c:/winavr-20100110/bin/../lib/gcc/avr/4.3.3/avr5\libgcc.a(_udivmodsi4.o)
                              ./uart.o (__udivmodsi4)
c:/winavr-20100110/bin/../lib/gcc/avr/4.3.3/avr5\libgcc.a(_exit.o)
                              c:/winavr-20100110/bin/../lib/gcc/avr/4.3.3/../../../../avr/lib/avr5/crtm32.o (exit)
c:/winavr-20100110/bin/../lib/gcc/avr/4.3.3/avr5\libgcc.a(_clear_bss.o)
                              ./icu.o (__do_clear_bss)

Memory Configuration

Name             Origin             Length             Attributes
text             0x00000000         0x00020000         xr
data             0x00800060         0x0000ffa0         rw !x
eeprom           0x00810000         0x00010000         rw !x
fuse             0x00820000         0x00000400         rw !x
lock             0x00830000         0x00000400         rw !x
signature        0x00840000         0x00000400         rw !x
*default*        0x00000000         0xffffffff

Linker script and memory map

LOAD c:/winavr-20100110/bin/../lib/gcc/avr/4.3.3/../../../../avr/lib/avr5/crtm32.o
LOAD ./MC_2.o
LOAD ./external_eeprom.o
LOAD ./gpio.o
LOAD ./icu.o
LOAD ./twi.o
LOAD ./uart.o
LOAD c:/winavr-20100110/bin/../lib/gcc/avr/4.3.3/avr5\libgcc.a
LOAD c:/winavr-20100110/bin/../lib/gcc/avr/4.3.3/../../../../avr/lib/avr5\libc.a
LOAD c:/winavr-20100110/bin/../lib/gcc/avr/4.3.3/avr5\libgcc.a

.hash
 *(.hash)

.dynsym
 *(.dynsym)

.dynstr
 *(.dynstr)

.gnu.version
 *(.gnu.version)

.gnu.version_d
 *(.gnu.version_d)

.gnu.version_r
 *(.gnu.version_r)

.rel.init
 *(.rel.init)

.rela.init
 *(.rela.init)

.rel.text
 *(.rel.text)
 *(.rel.text.*)
 *(.rel.gnu.linkonce.t*)

.rela.text
 *(.rela.text)
 *(.rela.text.*)
 *(.rela.gnu.linkonce.t*)

.rel.fini
 *(.rel.fini)

.rela.fini
 *(.rela.fini)

.rel.rodata
 *(.rel.rodata)
 *(.rel.rodata.*)
 *(.rel.gnu.linkonce.r*)

.rela.rodata
 *(.rela.rodata)
 *(.rela.rodata.*)
 *(.rela.gnu.linkonce.r*)

.rel.data
 *(.rel.data)
 *(.rel.data.*)
 *(.rel.gnu.linkonce.d*)

.rela.data
 *(.rela.data)
 *(.rela.data.*)
 *(.rela.gnu.linkonce.d*)

.rel.ctors
 *(.rel.ctors)

.rela.ctors
 *(.rela.ctors)

.rel.dtors
 *(.rel.dtors)

.rela.dtors
 *(.rela.dtors)

.rel.got
 *(.rel.got)

.rela.got
 *(.rela.got)

.rel.bss
 *(.rel.bss)

.rela.bss
 *(.rela.bss)

.rel.plt
 *(.rel.plt)

.rela.plt
 *(.rela.plt)

.text           0x00000000      0xce4
 *(.vectors)
 .vectors       0x00000000       0x54 c:/winavr-20100110/bin/../lib/gcc/avr/4.3.3/../../../../avr/lib/avr5/crtm32.o
                0x00000000                __vectors
                0x00000000                __vector_default
 *(.vectors)
 *(.progmem.gcc*)
 *(.progmem*)
                0x00000054                . = ALIGN (0x2)
                0x00000054                __trampolines_start = .
 *(.trampolines)
 .trampolines   0x00000054        0x0 linker stubs
 *(.trampolines*)
                0x00000054                __trampolines_end = .
 *(.jumptables)
 *(.jumptables*)
 *(.lowtext)
 *(.lowtext*)
                0x00000054                __ctors_start = .
 *(.ctors)
                0x00000054                __ctors_end = .
                0x00000054                __dtors_start = .
 *(.dtors)
                0x00000054                __dtors_end = .
 SORT(*)(.ctors)
 SORT(*)(.dtors)
 *(.init0)
 .init0         0x00000054        0x0 c:/winavr-20100110/bin/../lib/gcc/avr/4.3.3/../../../../avr/lib/avr5/crtm32.o
                0x00000054                __init
 *(.init0)
 *(.init1)
 *(.init1)
 *(.init2)
 .init2         0x00000054        0xc c:/winavr-20100110/bin/../lib/gcc/avr/4.3.3/../../../../avr/lib/avr5/crtm32.o
 *(.init2)
 *(.init3)
 *(.init3)
 *(.init4)
 .init4         0x00000060       0x10 c:/winavr-20100110/bin/../lib/gcc/avr/4.3.3/avr5\libgcc.a(_clear_bss.o)
                0x00000060                __do_clear_bss
 *(.init4)
 *(.init5)
 *(.init5)
 *(.init6)
 *(.init6)
 *(.init7)
 *(.init7)
 *(.init8)
 *(.init8)
 *(.init9)
 .init9         0x00000070        0x8 c:/winavr-20100110/bin/../lib/gcc/avr/4.3.3/../../../../avr/lib/avr5/crtm32.o
 *(.init9)
 *(.text)
 .text          0x00000078        0x4 c:/winavr-20100110/bin/../lib/gcc/avr/4.3.3/../../../../avr/lib/avr5/crtm32.o
                0x00000078                __vector_1
                0x00000078                __vector_12
                0x00000078                __bad_interrupt
                0x00000078                __vector_3
                0x00000078                __vector_11
                0x00000078                __vector_13
                0x00000078                __vector_17
                0x00000078                __vector_19
                0x00000078                __vector_7
                0x00000078                __vector_5
                0x00000078                __vector_4
                0x00000078                __vector_9
                0x00000078                __vector_2
                0x00000078                __vector_15
                0x00000078                __vector_8
                0x00000078                __vector_14
                0x00000078                __vector_10
                0x00000078                __vector_16
                0x00000078                __vector_18
                0x00000078                __vector_20
 .text          0x0000007c        0x0 ./MC_2.o
 .text          0x0000007c        0x0 ./external_eeprom.o
 .text          0x0000007c        0x0 ./gpio.o
 .text          0x0000007c        0x0 ./icu.o
 .text          0x0000007c        0x0 ./twi.o
 .text          0x0000007c        0x0 ./uart.o
 .text          0x0000007c        0x0 c:/winavr-20100110/bin/../lib/gcc/avr/4.3.3/avr5\libgcc.a(_udivmodsi4.o)
 .text          0x0000007c        0x0 c:/winavr-20100110/bin/../lib/gcc/avr/4.3.3/avr5\libgcc.a(_exit.o)
 .text          0x0000007c        0x0 c:/winavr-20100110/bin/../lib/gcc/avr/4.3.3/avr5\libgcc.a(_clear_bss.o)
                0x0000007c                . = ALIGN (0x2)
 *(.text.*)
 .text.main     0x0000007c        0xa ./MC_2.o
                0x0000007c                main
 .text.EEPROM_writeByte
                0x00000086       0x82 ./external_eeprom.o
                0x00000086                EEPROM_writeByte
 .text.EEPROM_readByte
                0x00000108       0xc0 ./external_eeprom.o
                0x00000108                EEPROM_readByte
 .text.GPIO_setupPinDirection
                0x000001c8      0x1d6 ./gpio.o
                0x000001c8                GPIO_setupPinDirection
 .text.GPIO_writePin
                0x0000039e      0x1d6 ./gpio.o
                0x0000039e                GPIO_writePin
 .text.GPIO_readPin
                0x00000574      0x136 ./gpio.o
                0x00000574                GPIO_readPin
 .text.GPIO_setupPortDirection
                0x000006aa       0x88 ./gpio.o
                0x000006aa                GPIO_setupPortDirection
 .text.GPIO_writePort
                0x00000732       0x88 ./gpio.o
                0x00000732                GPIO_writePort
 .text.GPIO_readPort
                0x000007ba       0x8a ./gpio.o
                0x000007ba                GPIO_readPort
 .text.__vector_6
                0x00000844       0x66 ./icu.o
                0x00000844                __vector_6
 .text.Icu_init
                0x000008aa       0x92 ./icu.o
                0x000008aa                Icu_init
 .text.Icu_setCallBack
                0x0000093c       0x24 ./icu.o
                0x0000093c                Icu_setCallBack
 .text.Icu_setEdgeDetectionType
                0x00000960       0x3e ./icu.o
                0x00000960                Icu_setEdgeDetectionType
 .text.Icu_getInputCaptureValue
                0x0000099e       0x16 ./icu.o
                0x0000099e                Icu_getInputCaptureValue
 .text.Icu_clearTimerValue
                0x000009b4       0x16 ./icu.o
                0x000009b4                Icu_clearTimerValue
 .text.Icu_DeInit
                0x000009ca       0x38 ./icu.o
                0x000009ca                Icu_DeInit
 .text.TWI_init
                0x00000a02       0x2c ./twi.o
                0x00000a02                TWI_init
 .text.TWI_start
                0x00000a2e       0x20 ./twi.o
                0x00000a2e                TWI_start
 .text.TWI_stop
                0x00000a4e       0x16 ./twi.o
                0x00000a4e                TWI_stop
 .text.TWI_writeByte
                0x00000a64       0x2e ./twi.o
                0x00000a64                TWI_writeByte
 .text.TWI_readBiteWithACK
                0x00000a92       0x26 ./twi.o
                0x00000a92                TWI_readBiteWithACK
 .text.TWI_readByteWithNACK
                0x00000ab8       0x26 ./twi.o
                0x00000ab8                TWI_readByteWithNACK
 .text.TWI_getStatus
                0x00000ade       0x20 ./twi.o
                0x00000ade                TWI_getStatus
 .text.UART_init
                0x00000afe       0x94 ./uart.o
                0x00000afe                UART_init
 .text.UART_sendByte
                0x00000b92       0x2e ./uart.o
                0x00000b92                UART_sendByte
 .text.UART_recieveByte
                0x00000bc0       0x1e ./uart.o
                0x00000bc0                UART_recieveByte
 .text.UART_sendString
                0x00000bde       0x38 ./uart.o
                0x00000bde                UART_sendString
 .text.UART_recieveString
                0x00000c16       0x86 ./uart.o
                0x00000c16                UART_recieveString
 .text.libgcc   0x00000c9c       0x44 c:/winavr-20100110/bin/../lib/gcc/avr/4.3.3/avr5\libgcc.a(_udivmodsi4.o)
                0x00000c9c                __udivmodsi4
 .text.libgcc   0x00000ce0        0x0 c:/winavr-20100110/bin/../lib/gcc/avr/4.3.3/avr5\libgcc.a(_exit.o)
 .text.libgcc   0x00000ce0        0x0 c:/winavr-20100110/bin/../lib/gcc/avr/4.3.3/avr5\libgcc.a(_clear_bss.o)
                0x00000ce0                . = ALIGN (0x2)
 *(.fini9)
 .fini9         0x00000ce0        0x0 c:/winavr-20100110/bin/../lib/gcc/avr/4.3.3/avr5\libgcc.a(_exit.o)
                0x00000ce0                exit
                0x00000ce0                _exit
 *(.fini9)
 *(.fini8)
 *(.fini8)
 *(.fini7)
 *(.fini7)
 *(.fini6)
 *(.fini6)
 *(.fini5)
 *(.fini5)
 *(.fini4)
 *(.fini4)
 *(.fini3)
 *(.fini3)
 *(.fini2)
 *(.fini2)
 *(.fini1)
 *(.fini1)
 *(.fini0)
 .fini0         0x00000ce0        0x4 c:/winavr-20100110/bin/../lib/gcc/avr/4.3.3/avr5\libgcc.a(_exit.o)
 *(.fini0)
                0x00000ce4                _etext = .

.data           0x00800060        0x0 load address 0x00000ce4
                0x00800060                PROVIDE (__data_start, .)
 *(.data)
 .data          0x00800060        0x0 c:/winavr-20100110/bin/../lib/gcc/avr/4.3.3/../../../../avr/lib/avr5/crtm32.o
 .data          0x00800060        0x0 ./MC_2.o
 .data          0x00800060        0x0 ./external_eeprom.o
 .data          0x00800060        0x0 ./gpio.o
 .data          0x00800060        0x0 ./icu.o
 .data          0x00800060        0x0 ./twi.o
 .data          0x00800060        0x0 ./uart.o
 .data          0x00800060        0x0 c:/winavr-20100110/bin/../lib/gcc/avr/4.3.3/avr5\libgcc.a(_udivmodsi4.o)
 .data          0x00800060        0x0 c:/winavr-20100110/bin/../lib/gcc/avr/4.3.3/avr5\libgcc.a(_exit.o)
 .data          0x00800060        0x0 c:/winavr-20100110/bin/../lib/gcc/avr/4.3.3/avr5\libgcc.a(_clear_bss.o)
 *(.data*)
 *(.rodata)
 *(.rodata*)
 *(.gnu.linkonce.d*)
                0x00800060                . = ALIGN (0x2)
                0x00800060                _edata = .
                0x00800060                PROVIDE (__data_end, .)

.bss            0x00800060        0x2
                0x00800060                PROVIDE (__bss_start, .)
 *(.bss)
 .bss           0x00800060        0x0 c:/winavr-20100110/bin/../lib/gcc/avr/4.3.3/../../../../avr/lib/avr5/crtm32.o
 .bss           0x00800060        0x0 ./MC_2.o
 .bss           0x00800060        0x0 ./external_eeprom.o
 .bss           0x00800060        0x0 ./gpio.o
 .bss           0x00800060        0x0 ./icu.o
 .bss           0x00800060        0x0 ./twi.o
 .bss           0x00800060        0x0 ./uart.o
 .bss           0x00800060        0x0 c:/winavr-20100110/bin/../lib/gcc/avr/4.3.3/avr5\libgcc.a(_udivmodsi4.o)
 .bss           0x00800060        0x0 c:/winavr-20100110/bin/../lib/gcc/avr/4.3.3/avr5\libgcc.a(_exit.o)
 .bss           0x00800060        0x0 c:/winavr-20100110/bin/../lib/gcc/avr/4.3.3/avr5\libgcc.a(_clear_bss.o)
 *(.bss*)
 .bss.g_callBackPtr
                0x00800060        0x2 ./icu.o
 *(COMMON)
                0x00800062                PROVIDE (__bss_end, .)
                0x00000ce4                __data_load_start = LOADADDR (.data)
                0x00000ce4                __data_load_end = (__data_load_start + SIZEOF (.data))

.noinit         0x00800062        0x0
                0x00800062                PROVIDE (__noinit_start, .)
 *(.noinit*)
                0x00800062                PROVIDE (__noinit_end, .)
                0x00800062                _end = .
                0x00800062                PROVIDE (__heap_start, .)

.eeprom         0x00810000        0x0
 *(.eeprom*)
                0x00810000                __eeprom_end = .

.fuse
 *(.fuse)
 *(.lfuse)
 *(.hfuse)
 *(.efuse)

.lock
 *(.lock*)

.signature
 *(.signature*)

.stab           0x00000000     0x1674
 *(.stab)
 .stab          0x00000000       0xfc ./MC_2.o
 .stab          0x000000fc      0x39c ./external_eeprom.o
                                0x3a8 (size before relaxing)
 .stab          0x00000498      0x7d4 ./gpio.o
                                0x870 (size before relaxing)
 .stab          0x00000c6c      0x378 ./icu.o
                                0x5c4 (size before relaxing)
 .stab          0x00000fe4      0x348 ./twi.o
                                0x594 (size before relaxing)
 .stab          0x0000132c      0x348 ./uart.o
                                0x594 (size before relaxing)

.stabstr        0x00000000      0xd46
 *(.stabstr)
 .stabstr       0x00000000      0xd46 ./MC_2.o

.stab.excl
 *(.stab.excl)

.stab.exclstr
 *(.stab.exclstr)

.stab.index
 *(.stab.index)

.stab.indexstr
 *(.stab.indexstr)

.comment
 *(.comment)

.debug
 *(.debug)

.line
 *(.line)

.debug_srcinfo
 *(.debug_srcinfo)

.debug_sfnames
 *(.debug_sfnames)

.debug_aranges
 *(.debug_aranges)

.debug_pubnames
 *(.debug_pubnames)

.debug_info
 *(.debug_info)
 *(.gnu.linkonce.wi.*)

.debug_abbrev
 *(.debug_abbrev)

.debug_line
 *(.debug_line)

.debug_frame
 *(.debug_frame)

.debug_str
 *(.debug_str)

.debug_loc
 *(.debug_loc)

.debug_macinfo
 *(.debug_macinfo)
OUTPUT(MC_2.elf elf32-avr)
LOAD linker stubs
